../Core/Src/main.c:83:5:main	1
../Core/Src/main.c:135:6:SystemClock_Config	4
../Core/Src/main.c:180:13:MX_ADC_Init	3
../Core/Src/main.c:234:13:MX_TIM16_Init	2
../Core/Src/main.c:266:13:MX_USART1_UART_Init	2
../Core/Src/main.c:301:13:MX_GPIO_Init	1
../Core/Src/main.c:343:5:Time_Constant_Capacitance_Measurement	4
../Core/Src/main.c:376:6:Ohmmeter	3
../Core/Src/main.c:401:6:Inductance_Meter	4
../Core/Src/main.c:430:6:Print_Averaged_ADC_Value	3
../Core/Src/main.c:454:5:Get_ADC_Value	3
../Core/Src/main.c:501:6:Error_Handler	1
