../Core/Src/main.c:90:5:main	64	static
../Core/Src/main.c:170:6:SystemClock_Config	72	static
../Core/Src/main.c:207:13:MX_I2C1_Init	8	static
../Core/Src/main.c:241:13:MX_USART2_UART_Init	8	static
../Core/Src/main.c:274:13:MX_GPIO_Init	40	static
../Core/Src/main.c:307:13:ADS1115_Init	8	static
../Core/Src/main.c:315:13:ADS1115_Select_Register	32	static
../Core/Src/main.c:320:13:ADS1115_Write	32	static
../Core/Src/main.c:330:16:ADS1115_Read	80	static
../Core/Src/main.c:341:26:I2C_Transmit	88	static
../Core/Src/main.c:354:26:I2C_Receive	88	static
../Core/Src/main.c:373:6:Error_Handler	4	static,ignoring_inline_asm
